<html>
<body>
<pre>
<h1>礦ision Build Log</h1>
<h2>Tool Versions:</h2>
IDE-Version: μVision V5.14.0.0
Copyright (C) 2015 ARM Ltd and ARM Germany GmbH. All rights reserved.
License Information: s Administrator, s, LIC=----
 
Tool Versions:
Toolchain:       MDK-Lite  Version: 5.14.0.0
Toolchain Path:  C:\Keil_v5\ARM\ARMCC\Bin
C Compiler:      Armcc.exe V5.05 update 1 (build 106)
Assembler:       Armasm.exe V5.05 update 1 (build 106)
Linker/Locator:  ArmLink.exe V5.05 update 1 (build 106)
Library Manager: ArmAr.exe V5.05 update 1 (build 106)
Hex Converter:   FromElf.exe V5.05 update 1 (build 106)
CPU DLL:         SARMCM3.DLL V5.14.0.0
Dialog DLL:      DCM.DLL V1.13.1.0
Target DLL:      UL2CM3.DLL V1.155.0.0
Dialog DLL:      TCM.DLL V1.14.4.0
 
<h2>Project:</h2>
D:\A宋思敏大学学习记录\程序猿课程\学校课程\单片机技术\单片机课程设计\2020年6月份单片机课程设计\stm32学习过程之实战工程\stm32第8课--外部中断按键\LED.uvprojx
Project File Date:  06/10/2020

<h2>Output:</h2>
Build target 'LED'
compiling main.c...
main.c(23): warning:  #223-D: function "EXTI2_Init" declared implicitly
        EXTI2_Init();
main.c(25): warning:  #223-D: function "EXTI3_Init" declared implicitly
        EXTI3_Init();
main.c(27): warning:  #223-D: function "EXTI4_Init" declared implicitly
        EXTI4_Init();
main.c: 3 warnings, 0 errors
compiling delay.c...
compiling init.c...
compiling liushuideng.c...
compiling misc.c...
compiling stm32f4xx_exti.c...
compiling stm32f4xx_gpio.c...
compiling stm32f4xx_rcc.c...
compiling stm32f4xx_syscfg.c...
compiling stm32f4xx_usart.c...
assembling startup_stm32f40_41xxx.s...
compiling system_stm32f4xx.c...
linking...
Program Size: Code=2456 RO-data=424 RW-data=8 ZI-data=1632  
FromELF: creating hex file...
".\Objects\LED.axf" - 0 Error(s), 3 Warning(s).

<h2>Software Packages used:</h2>

Package Vendor: ARM
                http://www.keil.com/pack/ARM.CMSIS.4.2.0.pack
                ARM::CMSIS:CORE:3.40.0
                CMSIS (Cortex Microcontroller Software Interface Standard)
   * Component: CORE Version: 3.40.0

Package Vendor: Keil
                http://www.keil.com/pack/Keil.STM32F4xx_DFP.1.0.8.pack
                Keil::Device:StdPeriph Drivers:EXTI:1.3.0
                STMicroelectronics STM32F4 Series Device Support, Drivers and Examples
   * Component: EXTI Version: 1.3.0
   * Component: Startup Version: 1.3.1
   * Component: Framework Version: 1.3.1
   * Component: RCC Version: 1.3.0
   * Component: GPIO Version: 1.3.0
   * Component: USART Version: 1.3.0
   * Component: SYSCFG Version: 1.3.0

<h2>Collection of Component include folders:</h2>
  D:\A宋思敏大学学习记录\程序猿课程\学校课程\单片机技术\单片机课程设计\2020年6月份单片机课程设计\stm32学习过程之实战工程\stm32第8课--外部中断按键\RTE
  D:\A宋思敏大学学习记录\程序猿课程\学校课程\单片机技术\单片机课程设计\2020年6月份单片机课程设计\stm32学习过程之实战工程\stm32第8课--外部中断按键\RTE\Device\STM32F407ZE
  C:\Keil_v5\ARM\PACK\ARM\CMSIS\4.2.0\CMSIS\Include
  C:\Keil_v5\ARM\PACK\Keil\STM32F4xx_DFP\1.0.8\Device\Include
  C:\Keil_v5\ARM\PACK\Keil\STM32F4xx_DFP\1.0.8\Device\StdPeriph_Driver\inc

<h2>Collection of Component Files used:</h2>

   * Component: ARM::CMSIS:CORE:3.40.0
      Source file:   CMSIS\UserCodeTemplates\ARM\ITM_Retarget.c

   * Component: Keil::Device:StdPeriph Drivers:EXTI:1.3.0
      Include file:  Device\StdPeriph_Driver\inc\stm32f4xx_exti.h
      Source file:   Device\StdPeriph_Driver\src\stm32f4xx_exti.c

   * Component: Keil::Device:Startup:1.3.1
      Include file:  RTE_Driver\Config\RTE_Device.h
      Source file:   Device\Source\system_stm32f4xx.c
      Include file:  Device\Include\stm32f4xx.h
      Source file:   Device\Source\ARM\startup_stm32f40_41xxx.s
      Source file:   Device\Source\ARM\STM32F4xx_OTP.s
      Source file:   Device\Source\ARM\STM32F40xxx_41xxx_OPT.s

   * Component: Keil::Device:StdPeriph Drivers:Framework:1.3.1
      Source file:   Device\StdPeriph_Driver\templates\stm32f4xx_conf.h
      Source file:   Device\StdPeriph_Driver\src\misc.c
      Source file:   Device\StdPeriph_Driver\templates\stm32f4xx_it.c
      Include file:  Device\StdPeriph_Driver\templates\stm32f4xx_it.h

   * Component: Keil::Device:StdPeriph Drivers:RCC:1.3.0
      Include file:  Device\StdPeriph_Driver\inc\stm32f4xx_rcc.h
      Source file:   Device\StdPeriph_Driver\src\stm32f4xx_rcc.c

   * Component: Keil::Device:StdPeriph Drivers:GPIO:1.3.0
      Source file:   Device\StdPeriph_Driver\src\stm32f4xx_gpio.c
      Include file:  Device\StdPeriph_Driver\inc\stm32f4xx_gpio.h

   * Component: Keil::Device:StdPeriph Drivers:USART:1.3.0
      Include file:  Device\StdPeriph_Driver\inc\stm32f4xx_usart.h
      Source file:   Device\StdPeriph_Driver\src\stm32f4xx_usart.c

   * Component: Keil::Device:StdPeriph Drivers:SYSCFG:1.3.0
      Include file:  Device\StdPeriph_Driver\inc\stm32f4xx_syscfg.h
      Source file:   Device\StdPeriph_Driver\src\stm32f4xx_syscfg.c
</pre>
</body>
</html>
