<html>
<body>
<pre>
<h1>礦ision Build Log</h1>
<h2>Tool Versions:</h2>
IDE-Version: μVision V5.14.0.0
Copyright (C) 2015 ARM Ltd and ARM Germany GmbH. All rights reserved.
License Information: s Administrator, s, LIC=----
 
Tool Versions:
Toolchain:       MDK-Lite  Version: 5.14.0.0
Toolchain Path:  C:\Keil_v5\ARM\ARMCC\Bin
C Compiler:      Armcc.exe V5.05 update 1 (build 106)
Assembler:       Armasm.exe V5.05 update 1 (build 106)
Linker/Locator:  ArmLink.exe V5.05 update 1 (build 106)
Library Manager: ArmAr.exe V5.05 update 1 (build 106)
Hex Converter:   FromElf.exe V5.05 update 1 (build 106)
CPU DLL:         SARMCM3.DLL V5.14.0.0
Dialog DLL:      DCM.DLL V1.13.1.0
Target DLL:      UL2CM3.DLL V1.155.0.0
Dialog DLL:      TCM.DLL V1.14.4.0
 
<h2>Project:</h2>
D:\A宋思敏大学学习记录\程序猿课程\学校课程\单片机技术\单片机课程设计\2020年6月份单片机课程设计\stm32学习过程之实战工程\stm32第9课--串口通信（USART）\user\keil_project_file\PRO.uvprojx
Project File Date:  06/10/2020

<h2>Output:</h2>
Build target 'Target 1'
compiling system_stm32f4xx.c...
assembling startup_stm32f40_41xxx.s...
compiling misc.c...
compiling stm32f4xx_crc.c...
compiling stm32f4xx_exti.c...
compiling stm32f4xx_gpio.c...
compiling stm32f4xx_i2c.c...
compiling stm32f4xx_rcc.c...
compiling stm32f4xx_spi.c...
compiling stm32f4xx_syscfg.c...
compiling stm32f4xx_tim.c...
compiling stm32f4xx_usart.c...
compiling delay.c...
compiling led.c...
compiling main.c...
..\src\main.c(60): warning:  #223-D: function "usart1_init" declared implicitly
      usart1_init(9600);
..\src\main.c(66): warning:  #223-D: function "USART_SendDatas" declared implicitly
                                 USART_SendDatas(USART1,str,sizeof(str));               
..\src\main.c: 2 warnings, 0 errors
compiling usart.c...
linking...
Program Size: Code=2504 RO-data=424 RW-data=64 ZI-data=1632  
FromELF: creating hex file...
".\Objects\PRO.axf" - 0 Error(s), 2 Warning(s).

<h2>Collection of Component include folders:</h2>
  D:\A宋思敏大学学习记录\程序猿课程\学校课程\单片机技术\单片机课程设计\2020年6月份单片机课程设计\stm32学习过程之实战工程\stm32第9课--串口通信（USART）\user\keil_project_file\RTE
  C:\Keil_v5\ARM\PACK\Keil\STM32F4xx_DFP\1.0.8\Device\Include

<h2>Collection of Component Files used:</h2>
</pre>
</body>
</html>
