<html>
<body>
<pre>
<h1>礦ision Build Log</h1>
<h2>Tool Versions:</h2>
IDE-Version: μVision V5.14.0.0
Copyright (C) 2015 ARM Ltd and ARM Germany GmbH. All rights reserved.
License Information: simin song, 1, LIC=----
 
Tool Versions:
Toolchain:       MDK-Lite  Version: 5.14.0.0
Toolchain Path:  C:\Keil_v5\ARM\ARMCC\Bin
C Compiler:      Armcc.exe V5.05 update 1 (build 106)
Assembler:       Armasm.exe V5.05 update 1 (build 106)
Linker/Locator:  ArmLink.exe V5.05 update 1 (build 106)
Library Manager: ArmAr.exe V5.05 update 1 (build 106)
Hex Converter:   FromElf.exe V5.05 update 1 (build 106)
CPU DLL:         SARMCM3.DLL V5.14.0.0
Dialog DLL:      DCM.DLL V1.13.1.0
Target DLL:      UL2CM3.DLL V1.155.0.0
Dialog DLL:      TCM.DLL V1.14.4.0
 
<h2>Project:</h2>
C:\Users\song\Desktop\2020年6月份单片机课程设计\Day7\实验4_GY39\user\keil_project_file\PRO.uvprojx
Project File Date:  06/11/2020

<h2>Output:</h2>
Rebuild target 'Target 1'
compiling system_stm32f4xx.c...
assembling startup_stm32f40_41xxx.s...
compiling misc.c...
compiling stm32f4xx_crc.c...
compiling stm32f4xx_exti.c...
compiling stm32f4xx_gpio.c...
compiling stm32f4xx_i2c.c...
compiling stm32f4xx_rcc.c...
compiling stm32f4xx_spi.c...
compiling stm32f4xx_syscfg.c...
compiling stm32f4xx_tim.c...
compiling stm32f4xx_usart.c...
compiling delay.c...
compiling led.c...
compiling main.c...
compiling usart.c...
..\src\usart.c(195): warning:  #550-D: variable "data" was set but never used
        static unsigned char data;
..\src\usart.c(225): warning:  #223-D: function "sprintf" declared implicitly
                        sprintf((char *)SendBuf, "the value is %d\r\n", values);
..\src\usart.c(226): warning:  #223-D: function "strlen" declared implicitly
                        USART_SendDatas(USART1,SendBuf,strlen((char *)SendBuf));
..\src\usart.c(263): warning:  #223-D: function "sprintf" declared implicitly
                                        sprintf((char *)SendBuf, "the temp is %d\r\n", temp);
..\src\usart.c(264): warning:  #223-D: function "strlen" declared implicitly
                            USART_SendDatas(USART1,SendBuf,strlen((char *)SendBuf));
..\src\usart.c(243): warning:  #177-D: variable "k" was declared but never referenced
        static unsigned char dataBuf[30]={0},i=0,k=0;//定义静态局部变量 
..\src\usart.c(244): warning:  #550-D: variable "data" was set but never used
    static unsigned char data,length;   
..\src\usart.c(244): warning:  #550-D: variable "length" was set but never used
    static unsigned char data,length;   
..\src\usart.c: 8 warnings, 0 errors
compiling key.c...
linking...
Program Size: Code=2436 RO-data=424 RW-data=52 ZI-data=1708  
FromELF: creating hex file...
".\Objects\PRO.axf" - 0 Error(s), 8 Warning(s).

<h2>Collection of Component include folders:</h2>
  C:\Users\song\Desktop\2020年6月份单片机课程设计\Day7\实验4_GY39\user\keil_project_file\RTE
  C:\Keil_v5\ARM\PACK\Keil\STM32F4xx_DFP\1.0.8\Device\Include

<h2>Collection of Component Files used:</h2>
</pre>
</body>
</html>
